# serializer version: 1
# name: test_df_printing
  '''
  # A DataFrame: 3 x 3
    x               y       z
    <str96> <float64> <int64>
  0 foo         11.22       3
  1 foo           2.3       4
  2 bar           3.4       5
  
  
  '''
# ---
# name: test_empty_df_printing
  '''
  # A DataFrame: 0 x 0
  
  # A DataFrame: 0 x 2
            x         y
    <float64> <float64>
  
  
  '''
# ---
